// Jest Snapshot v1, https://goo.gl/fbAQLP

exports[`Loader renders correctly in inactive state 1`] = `"Test"`;
