// Jest Snapshot v1, https://goo.gl/fbAQLP

exports[`ShareListing renders correctly 1`] = `
<div
  className="ca-share-listing"
>
  <span
    onClick={[Function]}
  >
    <span
      className="fa fa-share-alt"
    />
    SHARE
  </span>
</div>
`;
